// Jest Snapshot v1, https://goo.gl/fbAQLP

exports[`<App /> should render routes after initialize finished 1`] = `
<Fragment>
  <HelmetWrapper
    defaultTitle="Demo"
    defer={true}
    encodeSpecialCharacters={true}
    titleTemplate="%s - Demo"
  />
  <Component
    fallback={<WithStyles(Loader) />}
  >
    <div>
      <Connect(WithStyles(Header))
        initialize={false}
      />
      <Switch>
        <Route
          component={
            Object {
              "$$typeof": Symbol(react.lazy),
              "_ctor": [Function],
              "_result": null,
              "_status": -1,
            }
          }
          exact={true}
          path="/"
        />
        <Route
          component={
            Object {
              "$$typeof": Symbol(react.lazy),
              "_ctor": [Function],
              "_result": null,
              "_status": -1,
            }
          }
          exact={true}
          path="/login"
        />
        <Route
          component={
            Object {
              "$$typeof": Symbol(react.lazy),
              "_ctor": [Function],
              "_result": null,
              "_status": -1,
            }
          }
          exact={true}
          path="/registration"
        />
        <Route
          component={
            Object {
              "$$typeof": Symbol(react.lazy),
              "_ctor": [Function],
              "_result": null,
              "_status": -1,
            }
          }
          path=""
        />
      </Switch>
    </div>
  </Component>
</Fragment>
`;
